client/src/components/payment-modal.tsx(26,20): error TS7053: Element implicitly has an 'any' type because expression of type '"STARTER" | "PRO"' can't be used to index type '{ readonly FREE: { readonly name: "Free Tier"; readonly priceSOL: 0; readonly features: readonly ["Unlimited Invoices", "Basic Analytics", "Community Support"]; }; readonly PREMIUM: { readonly name: "Premium"; readonly priceSOL: 0.25; readonly features: readonly [...]; }; }'.
  Property 'STARTER' does not exist on type '{ readonly FREE: { readonly name: "Free Tier"; readonly priceSOL: 0; readonly features: readonly ["Unlimited Invoices", "Basic Analytics", "Community Support"]; }; readonly PREMIUM: { readonly name: "Premium"; readonly priceSOL: 0.25; readonly features: readonly [...]; }; }'.
server/invoice-storage.ts(143,7): error TS2420: Class 'InvoiceStorage' incorrectly implements interface 'IInvoiceStorage'.
  Type 'InvoiceStorage' is missing the following properties from type 'IInvoiceStorage': totalInvoices, totalUsers, totalPaidVolume, encryptedInvoices, totalVolume
server/invoice-storage.ts(241,18): error TS2769: No overload matches this call.
  Overload 1 of 3, '(left: PgColumn<{ name: "owner_wallet_address"; tableName: "business_profiles"; dataType: "string"; columnType: "PgText"; data: string; driverParam: string; notNull: true; hasDefault: false; isPrimaryKey: false; ... 5 more ...; generated: undefined; }, {}, {}>, right: string | SQLWrapper): SQL<...>', gave the following error.
    Argument of type 'string | undefined' is not assignable to parameter of type 'string | SQLWrapper'.
      Type 'undefined' is not assignable to type 'string | SQLWrapper'.
  Overload 2 of 3, '(left: Aliased<string | undefined>, right: string | SQLWrapper | undefined): SQL<unknown>', gave the following error.
    Argument of type 'PgColumn<{ name: "owner_wallet_address"; tableName: "business_profiles"; dataType: "string"; columnType: "PgText"; data: string; driverParam: string; notNull: true; hasDefault: false; isPrimaryKey: false; ... 5 more ...; generated: undefined; }, {}, {}>' is not assignable to parameter of type 'Aliased<string | undefined>'.
      Type 'PgColumn<{ name: "owner_wallet_address"; tableName: "business_profiles"; dataType: "string"; columnType: "PgText"; data: string; driverParam: string; notNull: true; hasDefault: false; isPrimaryKey: false; ... 5 more ...; generated: undefined; }, {}, {}>' is missing the following properties from type 'Aliased<string | undefined>': sql, fieldAlias
  Overload 3 of 3, '(left: never, right: unknown): SQL<unknown>', gave the following error.
    Argument of type 'PgColumn<{ name: "owner_wallet_address"; tableName: "business_profiles"; dataType: "string"; columnType: "PgText"; data: string; driverParam: string; notNull: true; hasDefault: false; isPrimaryKey: false; ... 5 more ...; generated: undefined; }, {}, {}>' is not assignable to parameter of type 'never'.
