
[7m[1m[36m RUN [39m[22m[27m [36mv1.6.1[39m [90mC:/Users/craig/OneDrive/Desktop/B2B solana[39m

[90mstdout[2m | server\db.ts:47:11[22m[39m
Γ£à Using SQLite database: ./data/invoices.db

stderr | Module.validateEnvironment (C:\Users\craig\OneDrive\Desktop\B2B solana\server\env-validator.ts:175:13)

ΓÜá∩╕Å  Environment Warnings:

stderr | server\env-validator.ts:176:39
ΓÜá∩╕Å  Optional environment variable not set: DATABASE_URL
   Description: PostgreSQL database connection string (optional - uses SQLite if not set)
ΓÜá∩╕Å  Optional environment variable not set: FRONTEND_URL
   Description: URL of the frontend (e.g. https://your-app.up.railway.app) for CORS policy
ΓÜá∩╕Å  Optional environment variable not set: BUNDLR_PRIVATE_KEY
   Description: Private key for Bundlr (Arweave) metadata storage
ΓÜá∩╕Å  Optional environment variable not set: ARWEAVE_WALLET_JWK
   Description: Arweave wallet JWK for direct uploads
ΓÜá∩╕Å  Optional environment variable not set: IPFS_API_URL
   Description: IPFS API endpoint (e.g., https://ipfs.infura.io:5001)
ΓÜá∩╕Å  Optional environment variable not set: IPFS_PROJECT_ID
   Description: IPFS project ID for authentication
ΓÜá∩╕Å  Optional environment variable not set: IPFS_PROJECT_SECRET
   Description: IPFS project secret for authentication
ΓÜá∩╕Å  Using default for MARKETPLACE_PROGRAM_ID: InvxMkt111111111111111111111111111111111111

[90mstdout[2m | structuredLog (C:\Users\craig\OneDrive\Desktop\B2B solana\server\logger.ts:45:13)[22m[39m
2026-01-10T11:01:09.406Z [[32mINFO[0m] [sentry] [Sentry] No SENTRY_DSN configured - error monitoring disabled 
2026-01-10T11:01:09.421Z [[32mINFO[0m] [express] ≡ƒöì Validating environment variables... 
2026-01-10T11:01:09.425Z [[32mINFO[0m] [express] Γ£à Environment validation passed 
2026-01-10T11:01:09.425Z [[32mINFO[0m] [system] Config reload trigger { timestamp: [33m1768042869425[39m }
2026-01-10T11:01:09.426Z [[33mWARN[0m] [security] Optional security variables not configured {
  missing: [
    [32m'INVOICE_ENCRYPTION_KEY'[39m,
    [32m'PLATFORM_TREASURY_WALLET'[39m,
    [32m'SOL_PRICE_FALLBACK'[39m
  ]
}
2026-01-10T11:01:09.431Z [[32mINFO[0m] [boot] Initializing Invoix Platform Components... { cluster: [32m'test'[39m }
2026-01-10T11:01:09.432Z [[32mINFO[0m] [arcium] Arcium Service initialized 

stderr | tests/marketplace-integration.test.ts
bigint: Failed to load bindings, pure JS will be used (try npm run rebuild?)

stderr | tests/marketplace-integration.test.ts
<empty line>
[90mstdout[2m | tests/marketplace-integration.test.ts[22m[39m
2026-01-10T11:01:10.706Z [[31mERROR[0m] [special-mint] PLATFORM_TREASURY_WALLET environment variable is required for special mints 

[90mstdout[2m | tests/marketplace-integration.test.ts[22m[39m
<empty line>
stderr | tests/marketplace-integration.test.ts
Γ¥î PLATFORM_TREASURY_WALLET environment variable is required for community drops

stderr | tests/marketplace-integration.test.ts
<empty line>
[90mstdout[2m | tests/marketplace-integration.test.ts[22m[39m
2026-01-10T11:01:10.969Z [[32mINFO[0m] [email] Email Service Initialized (Mock Mode) 

stderr | tests/marketplace-integration.test.ts
<empty line>
[90mstdout[2m | tests/marketplace-integration.test.ts[22m[39m
2026-01-10T11:01:11.919Z [[32mINFO[0m] [boot] Test mode detected, skipping server.listen 
2026-01-10T11:01:11.919Z [[32mINFO[0m] [auth] LazorKit running in non-strict mode (dev/demo). Signatures not cryptographically verified. 
2026-01-10T11:01:11.923Z [[32mINFO[0m] [solana-pay] Solana Pay Transaction Request routes enabled (Secure Mode) 
2026-01-10T11:01:11.923Z [[32mINFO[0m] [routes] Registered credit score routes 
2026-01-10T11:01:11.924Z [[32mINFO[0m] [routes] Registered marketplace routes 
2026-01-10T11:01:11.925Z [[32mINFO[0m] [system] Subscription routes registered 
2026-01-10T11:01:11.925Z [[32mINFO[0m] [webhook] Starting Webhook Delivery Cron Job... 

stderr | tests/marketplace-integration.test.ts
<empty line>
[90mstdout[2m | tests/marketplace-integration.test.ts[22m[39m
2026-01-10T11:01:11.952Z [[32mINFO[0m] [boot] App routes registered 
2026-01-10T11:01:11.952Z [[32mINFO[0m] [static] Serving static files {
  path: [32m'C:\\Users\\craig\\OneDrive\\Desktop\\B2B solana\\server\\public'[39m
}
2026-01-10T11:01:11.952Z [[32mINFO[0m] [boot] Connecting to Database... 
ΓÅ│ Running database migrations...
Γ£à SQLite: Skipping Postgres migrations (schema synced via drizzle-kit)

stderr | tests/marketplace-integration.test.ts
<empty line>
[90mstdout[2m | tests/marketplace-integration.test.ts[22m[39m
2026-01-10T11:01:11.970Z [[32mINFO[0m] [qr] QR Payment Processor started 

stderr | tests/marketplace-integration.test.ts
<empty line>
[90mstdout[2m | tests/marketplace-integration.test.ts[22m[39m
2026-01-10T11:01:11.985Z [[32mINFO[0m] [cron] Starting Marketplace Expiry Cron Job... 
2026-01-10T11:01:11.985Z [[32mINFO[0m] [boot] Invoix Platform is fully operational! { ready: [33mtrue[39m }
Test Server Ready

[90mstdout[2m | tests/marketplace-integration.test.ts[2m > [22m[2mMarketplace Deep Verification (List -> Buy flow)[22m[39m
[Setup] Created Test Invoice: e35b6a70-393b-4587-89ce-9833dc88aed0

[90mstdout[2m | tests/marketplace-integration.test.ts[2m > [22m[2mMarketplace Deep Verification (List -> Buy flow)[2m > [22m[2m1. Seller can LIST an invoice[22m[39m
2026-01-10T11:01:16.557Z [[32mINFO[0m] [express] POST /api/marketplace/list 400 {
  method: [32m'POST'[39m,
  path: [32m'/api/marketplace/list'[39m,
  status: [33m400[39m,
  duration: [32m'129ms'[39m,
  ip: [32m'::ffff:127.0.0.1'[39m,
  userAgent: [90mundefined[39m,
  response: {
    success: [33mfalse[39m,
    error: [32m'Minimum credit score of 450 required to list.'[39m
  }
}

 [31m├ù[39m tests/marketplace-integration.test.ts[2m > [22mMarketplace Deep Verification (List -> Buy flow)[2m > [22m1. Seller can LIST an invoice
[31m   ΓåÆ expected 400 to be 201 // Object.is equality[39m
[90mstdout[2m | tests/marketplace-integration.test.ts[2m > [22m[2mMarketplace Deep Verification (List -> Buy flow)[2m > [22m[2m2. Listing appears in the marketplace feed[22m[39m
2026-01-10T11:01:16.578Z [[32mINFO[0m] [express] GET /api/marketplace/listings 200 {
  method: [32m'GET'[39m,
  path: [32m'/api/marketplace/listings'[39m,
  status: [33m200[39m,
  duration: [32m'7ms'[39m,
  ip: [32m'::ffff:127.0.0.1'[39m,
  userAgent: [90mundefined[39m,
  response: { success: [33mtrue[39m }
}

[90mstdout[2m | tests/marketplace-integration.test.ts[2m > [22m[2mMarketplace Deep Verification (List -> Buy flow)[2m > [22m[2m3. Seller cannot buy their own listing[22m[39m
2026-01-10T11:01:16.589Z [[32mINFO[0m] [express] POST /api/marketplace/purchase 400 {
  method: [32m'POST'[39m,
  path: [32m'/api/marketplace/purchase'[39m,
  status: [33m400[39m,
  duration: [32m'3ms'[39m,
  ip: [32m'::ffff:127.0.0.1'[39m,
  userAgent: [90mundefined[39m,
  response: { success: [33mfalse[39m, error: [32m'listingId required'[39m }
}

[90mstdout[2m | tests/marketplace-integration.test.ts[2m > [22m[2mMarketplace Deep Verification (List -> Buy flow)[2m > [22m[2m4. Buyer can generates purchase transaction[22m[39m
2026-01-10T11:01:16.597Z [[32mINFO[0m] [express] POST /api/marketplace/purchase 400 {
  method: [32m'POST'[39m,
  path: [32m'/api/marketplace/purchase'[39m,
  status: [33m400[39m,
  duration: [32m'2ms'[39m,
  ip: [32m'::ffff:127.0.0.1'[39m,
  userAgent: [90mundefined[39m,
  response: { success: [33mfalse[39m, error: [32m'listingId required'[39m }
}

[90mstdout[2m | tests/marketplace-integration.test.ts[2m > [22m[2mMarketplace Deep Verification (List -> Buy flow)[2m > [22m[2m5. Buyer confirms purchase (Finalize Settlement)[22m[39m
2026-01-10T11:01:16.605Z [[32mINFO[0m] [express] POST /api/marketplace/confirm-purchase 400 {
  method: [32m'POST'[39m,
  path: [32m'/api/marketplace/confirm-purchase'[39m,
  status: [33m400[39m,
  duration: [32m'1ms'[39m,
  ip: [32m'::ffff:127.0.0.1'[39m,
  userAgent: [90mundefined[39m,
  response: { error: [32m'Missing listingId or signature'[39m }
}

 [31m├ù[39m tests/marketplace-integration.test.ts[2m > [22mMarketplace Deep Verification (List -> Buy flow)[2m > [22m2. Listing appears in the marketplace feed
[31m   ΓåÆ expected undefined not to be undefined[39m
 [31m├ù[39m tests/marketplace-integration.test.ts[2m > [22mMarketplace Deep Verification (List -> Buy flow)[2m > [22m3. Seller cannot buy their own listing
[31m   ΓåÆ expected 400 to be 403 // Object.is equality[39m
 [31m├ù[39m tests/marketplace-integration.test.ts[2m > [22mMarketplace Deep Verification (List -> Buy flow)[2m > [22m4. Buyer can generates purchase transaction
[31m   ΓåÆ expected 400 to be 200 // Object.is equality[39m
 [31m├ù[39m tests/marketplace-integration.test.ts[2m > [22mMarketplace Deep Verification (List -> Buy flow)[2m > [22m5. Buyer confirms purchase (Finalize Settlement)
[31m   ΓåÆ expected 400 to be 200 // Object.is equality[39m

ΓÄ»ΓÄ»ΓÄ»ΓÄ»ΓÄ»ΓÄ»ΓÄ» Failed Tests 5 ΓÄ»ΓÄ»ΓÄ»ΓÄ»ΓÄ»ΓÄ»ΓÄ»

 FAIL  tests/marketplace-integration.test.ts > Marketplace Deep Verification (List -> Buy flow) > 1. Seller can LIST an invoice
AssertionError: expected 400 to be 201 // Object.is equality

- Expected
+ Received

- 201
+ 400

 Γ¥» tests/marketplace-integration.test.ts:110:28
    108|             });
    109| 
    110|         expect(res.status).toBe(201);
       |                            ^
    111|         expect(res.body.success).toBe(true);
    112|         expect(res.body.transaction).toBe("mock_base64_list_transactioΓÇª

ΓÄ»ΓÄ»ΓÄ»ΓÄ»ΓÄ»ΓÄ»ΓÄ»ΓÄ»ΓÄ»ΓÄ»ΓÄ»ΓÄ»ΓÄ»ΓÄ»ΓÄ»ΓÄ»ΓÄ»ΓÄ»ΓÄ»ΓÄ»ΓÄ»ΓÄ»ΓÄ»ΓÄ»[1/5]ΓÄ»

 FAIL  tests/marketplace-integration.test.ts > Marketplace Deep Verification (List -> Buy flow) > 2. Listing appears in the marketplace feed
AssertionError: expected undefined not to be undefined
 Γ¥» tests/marketplace-integration.test.ts:124:25
    122|         expect(res.status).toBe(200);
    123|         const listing = res.body.listings.find((l: any) => l.id === liΓÇª
    124|         expect(listing).toBeDefined();
       |                         ^
    125|         expect(listing.askingPrice).toBe("900.00");
    126|         expect(listing.sellerTruncated).toBeDefined();

ΓÄ»ΓÄ»ΓÄ»ΓÄ»ΓÄ»ΓÄ»ΓÄ»ΓÄ»ΓÄ»ΓÄ»ΓÄ»ΓÄ»ΓÄ»ΓÄ»ΓÄ»ΓÄ»ΓÄ»ΓÄ»ΓÄ»ΓÄ»ΓÄ»ΓÄ»ΓÄ»ΓÄ»[2/5]ΓÄ»

 FAIL  tests/marketplace-integration.test.ts > Marketplace Deep Verification (List -> Buy flow) > 3. Seller cannot buy their own listing
AssertionError: expected 400 to be 403 // Object.is equality

- Expected
+ Received

- 403
+ 400

 Γ¥» tests/marketplace-integration.test.ts:135:28
    133|             .send({ listingId });
    134| 
    135|         expect(res.status).toBe(403);
       |                            ^
    136|         expect(res.body.error).toContain("Cannot buy your own listing"ΓÇª
    137|     });

ΓÄ»ΓÄ»ΓÄ»ΓÄ»ΓÄ»ΓÄ»ΓÄ»ΓÄ»ΓÄ»ΓÄ»ΓÄ»ΓÄ»ΓÄ»ΓÄ»ΓÄ»ΓÄ»ΓÄ»ΓÄ»ΓÄ»ΓÄ»ΓÄ»ΓÄ»ΓÄ»ΓÄ»[3/5]ΓÄ»

 FAIL  tests/marketplace-integration.test.ts > Marketplace Deep Verification (List -> Buy flow) > 4. Buyer can generates purchase transaction
AssertionError: expected 400 to be 200 // Object.is equality

- Expected
+ Received

- 200
+ 400

 Γ¥» tests/marketplace-integration.test.ts:145:28
    143|             .send({ listingId });
    144| 
    145|         expect(res.status).toBe(200);
       |                            ^
    146|         expect(res.body.success).toBe(true);
    147|         expect(res.body.transaction).toBe("mock_base64_buy_transactionΓÇª

ΓÄ»ΓÄ»ΓÄ»ΓÄ»ΓÄ»ΓÄ»ΓÄ»ΓÄ»ΓÄ»ΓÄ»ΓÄ»ΓÄ»ΓÄ»ΓÄ»ΓÄ»ΓÄ»ΓÄ»ΓÄ»ΓÄ»ΓÄ»ΓÄ»ΓÄ»ΓÄ»ΓÄ»[4/5]ΓÄ»

 FAIL  tests/marketplace-integration.test.ts > Marketplace Deep Verification (List -> Buy flow) > 5. Buyer confirms purchase (Finalize Settlement)
AssertionError: expected 400 to be 200 // Object.is equality

- Expected
+ Received

- 200
+ 400

 Γ¥» tests/marketplace-integration.test.ts:159:28
    157|             });
    158| 
    159|         expect(res.status).toBe(200);
       |                            ^
    160|         expect(res.body.success).toBe(true);
    161| 

ΓÄ»ΓÄ»ΓÄ»ΓÄ»ΓÄ»ΓÄ»ΓÄ»ΓÄ»ΓÄ»ΓÄ»ΓÄ»ΓÄ»ΓÄ»ΓÄ»ΓÄ»ΓÄ»ΓÄ»ΓÄ»ΓÄ»ΓÄ»ΓÄ»ΓÄ»ΓÄ»ΓÄ»[5/5]ΓÄ»

[2m Test Files [22m [1m[31m1 failed[39m[22m[90m (1)[39m
[2m      Tests [22m [1m[31m5 failed[39m[22m[90m (5)[39m
[2m   Start at [22m 19:01:00
[2m   Duration [22m 17.92s[2m (transform 755ms, setup 0ms, collect 7.35s, tests 9.44s, environment 0ms, prepare 808ms)[22m

